2025-12-06 13:00:00 | DEBUG | repo=a4m36jee-2014-clustering-seminar | action=commit
2025-06-03 15:43:00 | WARN | repo=a4m36jee-2014-clustering-seminar | action=commit
2025-11-16 07:16:00 | WARN | repo=a4m36jee-2014-clustering-seminar | action=commit
2025-04-26 15:43:00 | WARN | repo=a4m36jee-2014-clustering-seminar | action=commit
2025-01-09 08:37:00 | WARN | repo=a4m36jee-2014-clustering-seminar | action=pull
2025-08-06 21:13:00 | WARN | repo=a4m36jee-2014-clustering-seminar | action=edit | files=2
2025-02-20 11:13:00 | WARN | repo=a4m36jee-2014-clustering-seminar | action=test | passed=true
2025-04-18 12:42:00 | INFO | repo=a4m36jee-2014-clustering-seminar | action=pull
2025-03-26 08:36:00 | WARN | repo=a4m36jee-2014-clustering-seminar | action=commit
2025-09-16 12:37:00 | WARN | repo=a4m36jee-2014-clustering-seminar | action=commit
2025-02-01 20:29:00 | WARN | repo=a4m36jee-2014-clustering-seminar | action=commit
2025-09-20 21:35:00 | DEBUG | repo=a4m36jee-2014-clustering-seminar | action=pull
2025-06-16 20:32:00 | DEBUG | repo=a4m36jee-2014-clustering-seminar | action=commit
2025-08-25 18:41:00 | WARN | repo=a4m36jee-2014-clustering-seminar | action=commit
2025-04-10 18:04:00 | INFO | repo=a4m36jee-2014-clustering-seminar | action=commit
2025-12-10 07:43:00 | WARN | repo=a4m36jee-2014-clustering-seminar | action=commit
2025-03-07 20:28:00 | DEBUG | repo=a4m36jee-2014-clustering-seminar | action=commit
2025-06-14 07:51:00 | DEBUG | repo=a4m36jee-2014-clustering-seminar | action=edit | files=4
2025-07-22 13:51:00 | WARN | repo=a4m36jee-2014-clustering-seminar | action=commit
2025-11-05 07:43:00 | WARN | repo=a4m36jee-2014-clustering-seminar | action=pull
2025-10-12 19:21:00 | WARN | repo=a4m36jee-2014-clustering-seminar | action=commit
2025-02-17 15:12:00 | DEBUG | repo=a4m36jee-2014-clustering-seminar | action=test | passed=true
2025-03-20 18:06:00 | DEBUG | repo=a4m36jee-2014-clustering-seminar | action=commit
2025-02-08 19:27:00 | WARN | repo=a4m36jee-2014-clustering-seminar | action=test | passed=true
2025-10-24 14:55:00 | WARN | repo=a4m36jee-2014-clustering-seminar | action=commit
2025-04-01 08:00:00 | DEBUG | repo=a4m36jee-2014-clustering-seminar | action=commit
